[2020-01-02 10:11:12][4321] 새로운 메모
[2020-01-01 09:00:00][1234] 기존 메모
